{"Lines":["BAUHOF Lasnanäe","J. Smuuli tee 41 11415 Tallinn, Tel +372 606 1444","Bauhof Group AS","J. Smuuli tee 41 11415 Tallinn","KHKR EE100589638, Reg.kood 10636638","ARVE NR 1010500205581","KASSA","PO105","KUUPÄEV","KELL","MÜÜJA","27.09.2020","14:49","3260","Klient:","Aadress:","KOOD","NIMETUS","UHIKU HIND KM-ta","KOKKU KM-ta KH%","ÜHIKU HIND KM-ga","KOKKU KM-ga","KOGUS","UHIK","ALLAHINDLUS","119208 KERGKRUUS 4-10HM 3L","1,50","3,00 20%","1,80","3,60","2,00","pakk","Allahindlus 0%","638120 TOALILL NUDINUPP POTT 5,5CM POTIS","1,00","Allahindlus 0%","3,29","3,29 20%","3,95","3,95","tk","057894 MAALRITEIP PRECISION SENSITIVE 50MX25MM","6,25","6,25 20%","7,50","7,50","1,00","rull","Allahindlus 0%","036345 TOALILLEDE MULD 6L PH 4,6-5,5","2,00","tk","2,58","3, 10","KM %","KOKKU KM-ta","KM","KOKKU KM-ga","20,00%","78,98","78,95","15,79","15,79","94,74","94,74","KOKKU EUR","SELLE OSTUGA SAASTSITE 0,00 EUROT!","Osta ka e-poest: uUw.bauhof.ee","Bauhof 12onomöo luounlue","","bauhof lasnanäe","j. smuuli tee 41 11415 tallinn, tel +372 606 1444","bauhof group as","j. smuuli tee 41 11415 tallinn","khkr ee100589638, reg.kood 10636638","arve nr 1010500205581","kassa","po105","kuupäev","kell","müüja","27.09.2020","14:49","3260","klient:","aadress:","kood","nimetus","uhiku hind km-ta","kokku km-ta kh%","ühiku hind km-ga","kokku km-ga","kogus","uhik","allahindlus","119208 kergkruus 4-10hm 3l","1,50","3,00 20%","1,80","3,60","2,00","pakk","allahindlus 0%","638120 toalill nudinupp pott 5,5cm potis","1,00","allahindlus 0%","3,29","3,29 20%","3,95","3,95","tk","057894 maalriteip precision sensitive 50mx25mm","6,25","6,25 20%","7,50","7,50","1,00","rull","allahindlus 0%","036345 toalillede muld 6l ph 4,6-5,5","2,00","tk","2,58","3, 10","km %","kokku km-ta","km","kokku km-ga","20,00%","78,98","78,95","15,79","15,79","94,74","94,74","kokku eur","selle ostuga saastsite 0,00 eurot!","osta ka e-poest: uuw.bauhof.ee","bauhof 12onomöo luounlue","","BAUHOF Lasnanäe J. Smuuli tee 41 11415 Tallinn, Tel +372 606 1444","J. Smuuli tee 41 11415 Tallinn, Tel +372 606 1444 Bauhof Group AS","Bauhof Group AS J. Smuuli tee 41 11415 Tallinn","J. Smuuli tee 41 11415 Tallinn KHKR EE100589638, Reg.kood 10636638","KHKR EE100589638, Reg.kood 10636638 ARVE NR 1010500205581","ARVE NR 1010500205581 KASSA","KASSA PO105","PO105 KUUPÄEV","KUUPÄEV KELL","KELL MÜÜJA","MÜÜJA 27.09.2020","27.09.2020 14:49","14:49 3260","3260 Klient:","Klient: Aadress:","Aadress: KOOD","KOOD NIMETUS","NIMETUS UHIKU HIND KM-ta","UHIKU HIND KM-ta KOKKU KM-ta KH%","KOKKU KM-ta KH% ÜHIKU HIND KM-ga","ÜHIKU HIND KM-ga KOKKU KM-ga","KOKKU KM-ga KOGUS","KOGUS UHIK","UHIK ALLAHINDLUS","ALLAHINDLUS 119208 KERGKRUUS 4-10HM 3L","119208 KERGKRUUS 4-10HM 3L 1,50","1,50 3,00 20%","3,00 20% 1,80","1,80 3,60","3,60 2,00","2,00 pakk","pakk Allahindlus 0%","Allahindlus 0% 638120 TOALILL NUDINUPP POTT 5,5CM POTIS","638120 TOALILL NUDINUPP POTT 5,5CM POTIS 1,00","1,00 Allahindlus 0%","Allahindlus 0% 3,29","3,29 3,29 20%","3,29 20% 3,95","3,95 3,95","3,95 tk","tk 057894 MAALRITEIP PRECISION SENSITIVE 50MX25MM","057894 MAALRITEIP PRECISION SENSITIVE 50MX25MM 6,25","6,25 6,25 20%","6,25 20% 7,50","7,50 7,50","7,50 1,00","1,00 rull","rull Allahindlus 0%","Allahindlus 0% 036345 TOALILLEDE MULD 6L PH 4,6-5,5","036345 TOALILLEDE MULD 6L PH 4,6-5,5 2,00","2,00 tk","tk 2,58","2,58 3, 10","3, 10 KM %","KM % KOKKU KM-ta","KOKKU KM-ta KM","KM KOKKU KM-ga","KOKKU KM-ga 20,00%","20,00% 78,98","78,98 78,95","78,95 15,79","15,79 15,79","15,79 94,74","94,74 94,74","94,74 KOKKU EUR","KOKKU EUR SELLE OSTUGA SAASTSITE 0,00 EUROT!","SELLE OSTUGA SAASTSITE 0,00 EUROT! Osta ka e-poest: uUw.bauhof.ee","Osta ka e-poest: uUw.bauhof.ee Bauhof 12onomöo luounlue","Bauhof 12onomöo luounlue "," bauhof lasnanäe","bauhof lasnanäe j. smuuli tee 41 11415 tallinn, tel +372 606 1444","j. smuuli tee 41 11415 tallinn, tel +372 606 1444 bauhof group as","bauhof group as j. smuuli tee 41 11415 tallinn","j. smuuli tee 41 11415 tallinn khkr ee100589638, reg.kood 10636638","khkr ee100589638, reg.kood 10636638 arve nr 1010500205581","arve nr 1010500205581 kassa","kassa po105","po105 kuupäev","kuupäev kell","kell müüja","müüja 27.09.2020","27.09.2020 14:49","14:49 3260","3260 klient:","klient: aadress:","aadress: kood","kood nimetus","nimetus uhiku hind km-ta","uhiku hind km-ta kokku km-ta kh%","kokku km-ta kh% ühiku hind km-ga","ühiku hind km-ga kokku km-ga","kokku km-ga kogus","kogus uhik","uhik allahindlus","allahindlus 119208 kergkruus 4-10hm 3l","119208 kergkruus 4-10hm 3l 1,50","1,50 3,00 20%","3,00 20% 1,80","1,80 3,60","3,60 2,00","2,00 pakk","pakk allahindlus 0%","allahindlus 0% 638120 toalill nudinupp pott 5,5cm potis","638120 toalill nudinupp pott 5,5cm potis 1,00","1,00 allahindlus 0%","allahindlus 0% 3,29","3,29 3,29 20%","3,29 20% 3,95","3,95 3,95","3,95 tk","tk 057894 maalriteip precision sensitive 50mx25mm","057894 maalriteip precision sensitive 50mx25mm 6,25","6,25 6,25 20%","6,25 20% 7,50","7,50 7,50","7,50 1,00","1,00 rull","rull allahindlus 0%","allahindlus 0% 036345 toalillede muld 6l ph 4,6-5,5","036345 toalillede muld 6l ph 4,6-5,5 2,00","2,00 tk","tk 2,58","2,58 3, 10","3, 10 km %","km % kokku km-ta","kokku km-ta km","km kokku km-ga","kokku km-ga 20,00%","20,00% 78,98","78,98 78,95","78,95 15,79","15,79 15,79","15,79 94,74","94,74 94,74","94,74 kokku eur","kokku eur selle ostuga saastsite 0,00 eurot!","selle ostuga saastsite 0,00 eurot! osta ka e-poest: uuw.bauhof.ee","osta ka e-poest: uuw.bauhof.ee bauhof 12onomöo luounlue","bauhof 12onomöo luounlue ","BAUHOF Lasnanäe","606 1444","J. Smuuli Tallinn, Tel +372","41 11415 tee","Bauhof Group AS","J. Smuuli 41 11415 Tallinn","tee","Reg.kood 10636638","KHKR EE100589638,","NR 1010500205581 ARVE","MÜÜJA KASSA","KELL KUUPÄEV","3260 PO105","14:49","27.09.2020","Klient:","Aadress:","KOOD NIMETUS","ÜHIKU HIND KM-ga","HIND KM-ta","KOGUS UHIKU","UHIK","KOKKU KM-ga","KOKKU KM-ta KH%","ALLAHINDLUS","3L 4-10HM","119208 KERGKRUUS","1,80","1,50","2,00 pakk","3,60","3,00 20%","0%","Allahindlus","5,5CM POTIS","TOALILL NUDINUPP POTT","638120","3,95","3,29","1,00 tk","3,95","3,29 20%","Allahindlus 0%","057894 MAALRITEIP PRECISION SENSITIVE 50MX25MM","7,50","6,25","1,00 rull","7,50","6,25 20%","Allahindlus 0%","036345 TOALILLEDE MULD 6L PH 4,6-5,5","3, 10","2,58","2,00 tk","KM % KOKKU KM-ta KM KOKKU KM-ga","20,00% 78,98 15,79 94,74","KOKKU EUR 78,95","15,79 94,74","SELLE OSTUGA SAASTSITE 0,00 EUROT!","Osta ka","e-poest: uUw.bauhof.ee","Bauhof 12onomöo luounlue","bauhof lasnanäe","606 1444","j. smuuli tallinn, tel +372","41 11415 tee","bauhof group as","j. smuuli 41 11415 tallinn","tee","reg.kood 10636638","khkr ee100589638,","nr 1010500205581 arve","müüja kassa","kell kuupäev","3260 po105","14:49","27.09.2020","klient:","aadress:","kood nimetus","ühiku hind km-ga","hind km-ta","kogus uhiku","uhik","kokku km-ga","kokku km-ta kh%","allahindlus","3l 4-10hm","119208 kergkruus","1,80","1,50","2,00 pakk","3,60","3,00 20%","0%","allahindlus","5,5cm potis","toalill nudinupp pott","638120","3,95","3,29","1,00 tk","3,95","3,29 20%","allahindlus 0%","057894 maalriteip precision sensitive 50mx25mm","7,50","6,25","1,00 rull","7,50","6,25 20%","allahindlus 0%","036345 toalillede muld 6l ph 4,6-5,5","3, 10","2,58","2,00 tk","km % kokku km-ta km kokku km-ga","20,00% 78,98 15,79 94,74","kokku eur 78,95","15,79 94,74","selle ostuga saastsite 0,00 eurot!","osta ka","e-poest: uuw.bauhof.ee","bauhof 12onomöo luounlue","KUUPÄEV","27.09.2020","Klient:","Aadress:","KOOD","KOGUS","ALLAHINDLUS","119208","2,00","Allahindlus","638120","Allahindlus","Bauhof","1,00","Allahindlus","057894","1,00","036345","2,00","J.","KM","20,00%","KOKKU","Smuuli","ARVE","KHKR","NIMETUS","UHIK","KERGKRUUS","%","TOALILL","tk MAALRITEIP","rull","TOALILLEDE","EUR","tk 12onomöo","pakk","SELLE","J.","0%","0%","0%","tee","Osta","BAUHOF","41 Smuuli","NR","EE100589638,","1010500205581","KELL","14:49","NUDINUPP","KOKKU","OSTUGA","ka luounlue","11415","Bauhof","UHIKU","4-10HM","PRECISION","MULD","KM-ta","e-poest:","tee 78,98","78,95","Lasnanäe","Tallinn,","HIND","KOKKU","6L","41 SAASTSITE","3L","Group","11415","Reg.kood","MÜÜJA","POTT","3260","KM-ta","KM-ta","PH","1,50","3,00","5,5CM","3,29","3,29","SENSITIVE","6,25","6,25","4,6-5,5","AS 2,58","Tel 0,00","Tallinn","+372","10636638","KASSA","PO105","KH%","20%","POTIS uUw.bauhof.ee","20%","20%","15,79","606","ÜHIKU","50MX25MM","15,79","KM","EUROT!","1444","HIND","KOKKU","KOKKU","KM-ga","KM-ga","1,80","3,60","3,95","3,95","7,50","7,50","KM-ga","94,74","94,74","3,","10","kuupäev","27.09.2020","klient:","aadress:","kood","kogus","allahindlus","119208","2,00","allahindlus","638120","allahindlus","bauhof","1,00","allahindlus","057894","1,00","036345","2,00","j.","km","20,00%","kokku","smuuli","arve","khkr","nimetus","uhik","kergkruus","%","toalill","tk maalriteip","rull","toalillede","eur","tk 12onomöo","pakk","selle","j.","0%","0%","0%","tee","osta","bauhof","41 smuuli","nr","ee100589638,","1010500205581","kell","14:49","nudinupp","kokku","ostuga","ka luounlue","11415","bauhof","uhiku","4-10hm","precision","muld","km-ta","e-poest:","tee 78,98","78,95","lasnanäe","tallinn,","hind","kokku","6l","41 saastsite","3l","group","11415","reg.kood","müüja","pott","3260","km-ta","km-ta","ph","1,50","3,00","5,5cm","3,29","3,29","sensitive","6,25","6,25","4,6-5,5","as 2,58","tel 0,00","tallinn","+372","10636638","kassa","po105","kh%","20%","potis uuw.bauhof.ee","20%","20%","15,79","606","ühiku","50mx25mm","15,79","km","eurot!","1444","hind","kokku","kokku","km-ga","km-ga","1,80","3,60","3,95","3,95","7,50","7,50","km-ga","94,74","94,74","3,","10"],"File":"","Date":"27/09/2020","Total":9474,"VAT":1579,"Vendor":"Bauhof Group AS","TaxID":"","ID":"1010500205581","Excise":null,"Crop":{"Top":744,"Bottom":4035,"Right":2128,"Left":589},"Errors":null}