5bb9398a96fd1d0cecf8c75a9e663dec07d5327d1fd3b95c8359742aaec7ff69  vatinator_16.0.0_Windows_x86_64.zip
643a3593516bee70df4b652b5e876039764b27bea181cdeafa23c9ca54615b17  vatinator_16.0.0_MacOS_x86_64.tar.gz
b6dde9b0797f351aa31f79fd7a2f4085a64f6dacd9af78e417f899dbd9ff7801  vatinator_16.0.0_Linux_x86_64.tar.gz
