{"File":"","Date":"27/09/2020","Total":9474,"VAT":1579,"Vendor":"Bauhof Group AS","TaxID":"EE100589638","ID":"1010500205581","Crop":{"Top":744,"Bottom":4035,"Right":589,"Left":2128}}